                  X               _temp_2     

                0.                 0.         
                4.              -102.241E-03  
                8.              -239.32E-03   
               12.              -378.26E-03   
               16.              -510.682E-03  
               20.              -647.152E-03  
               24.              -787.382E-03  
               28.              -926.31E-03   
               32.                -1.06501    
               36.                -1.20349    
               40.                -1.34031    
               44.                -1.4417     
               48.                -1.37859    
               52.                -1.37594    
               56.                -1.45816    
               60.                -1.59942    
               64.                -1.77726    
               68.                -1.98662    
               72.                -2.22297    
               76.                -2.47221    
               80.                -2.73449    
               84.                -3.00931    
               88.                -3.33089    
               92.                -3.74343    
               96.                -4.02717    
              100.                -4.21893    
              104.                -4.34535    
              108.                -4.45344    
              112.                -4.57817    
              116.                -4.68574    
              120.                -4.8193     
              124.                -4.96039    
              128.                -5.09608    
              132.                -5.22586    
              136.                -5.28963    
              140.                -5.52542    
              144.                -5.83314    
              148.                -6.10847    
              152.                -6.33992    
              156.                -6.53295    
              160.                -6.66782    
              164.                -6.73716    
              168.                -6.80502    
              172.                -6.82794    
              176.                -6.84647    
              180.                -6.89124    
              184.                -6.73439    
              188.                -6.57298    
              192.                -6.48047    
              196.                -6.4359     
              200.                -6.42388    
              204.                -6.43649    
              208.                -6.46257    
              212.                -6.4487     
              216.                -6.41715    
              220.                -6.34762    
              224.                -6.24892    
              228.                -6.27044    
              232.                -6.2223     
              236.                -6.03571    
              240.                -5.78599    
              244.                -5.50718    
              248.                -5.22968    
              252.                -4.94565    
              256.                -4.70897    
              260.                -4.49062    
              264.                -4.29546    
              268.                -4.09412    
              272.                -3.80137    
              276.                -3.60659    
              280.                -3.52563    
              284.                -3.44391    
              288.                -3.35625    
              292.                -3.20752    
              296.                -3.02803    
              300.                -2.80158    
              304.                -2.55947    
              308.                -2.28517    
              312.                -2.05601    
              316.                -1.89533    
              320.                -1.63541    
              324.                -1.31287    
              328.                -1.06108    
              332.              -886.546E-03  
              336.              -778.349E-03  
              340.              -717.639E-03  
              344.              -722.782E-03  
              348.              -705.929E-03  
              352.              -712.074E-03  
              356.              -678.031E-03  
              360.              -599.539E-03  
              364.              -626.045E-03  
              368.              -686.502E-03  
              372.              -660.312E-03  
              376.              -573.191E-03  
              380.              -474.873E-03  
              384.              -376.392E-03  
              388.              -292.171E-03  
              392.              -302.977E-03  
              396.              -342.639E-03  
              400.              -449.892E-03  
              404.              -628.271E-03  
              408.              -702.649E-03  
              412.              -828.814E-03  
              416.                -1.06196    
              420.                -1.32523    
              424.                -1.61051    
              428.                -1.84288    
              432.                -2.0456     
              436.                -2.17261    
              440.                -2.28215    
              444.                -2.35946    
              448.                -2.4502     
              452.                -2.65816    
              456.                -2.8236     
              460.                -2.92682    
              464.                -3.05848    
              468.                -3.23415    
              472.                -3.49471    
              476.                -3.78708    
              480.                -4.14802    
              484.                -4.47658    
              488.                -4.80182    
              492.                -5.06252    
              496.                -5.18666    
              500.                -5.36246    
              504.                -5.59271    
              508.                -5.73513    
              512.                -5.81083    
              516.                -5.8336     
              520.                -5.85239    
              524.                -5.8475     
              528.                -5.91532    
              532.                -6.01774    
              536.                -6.19722    
              540.                -6.43467    
              544.                -6.58437    
              548.                -6.64801    
              552.                -6.7669     
              556.                -6.89794    
              560.                -7.00762    
              564.                -7.03277    
              568.                -7.0346     
              572.                -6.90741    
              576.                -6.75242    
              580.                -6.53414    
              584.                -6.31277    
              588.                -6.20394    
              592.                -6.15631    
              596.                -6.03279    
              600.                -5.89282    
              604.                -5.76905    
              608.                -5.69576    
              612.                -5.62147    
              616.                -5.60755    
              620.                -5.51668    
              624.                -5.44121    
              628.                -5.29025    
              632.                -4.98831    
              636.                -4.67458    
              640.                -4.43777    
              644.                -4.19595    
              648.                -3.94671    
              652.                -3.64764    
              656.                -3.37271    
              660.                -3.07268    
              664.                -2.8581     
              668.                -2.65418    
              672.                -2.52494    
              676.                -2.48631    
              680.                -2.40757    
              684.                -2.21791    
              688.                -2.04306    
              692.                -1.87968    
              696.                -1.76065    
              700.                -1.57965    
              704.                -1.45033    
              708.                -1.24344    
              712.                -1.02246    
              716.              -795.43E-03   
              720.              -552.017E-03  
              724.              -415.261E-03  
              728.              -407.416E-03  
              732.              -382.89E-03   
              736.              -359.571E-03  
              740.              -328.904E-03  
              744.              -372.153E-03  
              748.              -385.067E-03  
              752.              -486.848E-03  
              756.              -583.913E-03  
              760.              -696.176E-03  
              764.              -782.903E-03  
              768.              -774.718E-03  
              772.              -704.691E-03  
              776.              -714.42E-03   
              780.              -768.396E-03  
              784.              -862.379E-03  
              788.              -924.486E-03  
              792.                -1.04812    
              796.                -1.1368     
              800.                -1.2813     




